// Validating benchmarks:
// ***** BenchmarkRunner: Start   *****
// ***** Found 6 benchmark(s) in total *****
// ***** Building 1 exe(s) in Parallel: Start   *****
// start dotnet  restore --nodeReuse:false /p:UseSharedCompilation=false /p:Deterministic=true /p:Optimize=true /p:ArtifactsPath="D:\Github\FlowOrchestrator-189\tests\benchmarks\FlowOrchestrator.Benchmarks\bin\Release\net10.0\FlowOrchestrator.Benchmarks-1/" /p:OutDir="D:\Github\FlowOrchestrator-189\tests\benchmarks\FlowOrchestrator.Benchmarks\bin\Release\net10.0\FlowOrchestrator.Benchmarks-1\bin\Release\net10.0/" /p:OutputPath="D:\Github\FlowOrchestrator-189\tests\benchmarks\FlowOrchestrator.Benchmarks\bin\Release\net10.0\FlowOrchestrator.Benchmarks-1\bin\Release\net10.0/" /p:PublishDir="D:\Github\FlowOrchestrator-189\tests\benchmarks\FlowOrchestrator.Benchmarks\bin\Release\net10.0\FlowOrchestrator.Benchmarks-1\publish/" in D:\Github\FlowOrchestrator-189\tests\benchmarks\FlowOrchestrator.Benchmarks\bin\Release\net10.0\FlowOrchestrator.Benchmarks-1
// command took 1.98 sec and exited with 0
// start dotnet  build -c Release --no-restore --nodeReuse:false /p:UseSharedCompilation=false /p:Deterministic=true /p:Optimize=true /p:ArtifactsPath="D:\Github\FlowOrchestrator-189\tests\benchmarks\FlowOrchestrator.Benchmarks\bin\Release\net10.0\FlowOrchestrator.Benchmarks-1/" /p:OutDir="D:\Github\FlowOrchestrator-189\tests\benchmarks\FlowOrchestrator.Benchmarks\bin\Release\net10.0\FlowOrchestrator.Benchmarks-1\bin\Release\net10.0/" /p:OutputPath="D:\Github\FlowOrchestrator-189\tests\benchmarks\FlowOrchestrator.Benchmarks\bin\Release\net10.0\FlowOrchestrator.Benchmarks-1\bin\Release\net10.0/" /p:PublishDir="D:\Github\FlowOrchestrator-189\tests\benchmarks\FlowOrchestrator.Benchmarks\bin\Release\net10.0\FlowOrchestrator.Benchmarks-1\publish/" --output "D:\Github\FlowOrchestrator-189\tests\benchmarks\FlowOrchestrator.Benchmarks\bin\Release\net10.0\FlowOrchestrator.Benchmarks-1\bin\Release\net10.0/" in D:\Github\FlowOrchestrator-189\tests\benchmarks\FlowOrchestrator.Benchmarks\bin\Release\net10.0\FlowOrchestrator.Benchmarks-1
// command took 10.25 sec and exited with 0
// ***** Done, took 00:00:12 (12.31 sec)   *****
// Found 6 benchmarks:
//   StepCollectionFindStepBenchmarks.'legacy Split + recursion': .NET 10.0(Runtime=.NET 10.0) [Key=finalize]
//   StepCollectionFindStepBenchmarks.'span walk (shipped)': .NET 10.0(Runtime=.NET 10.0) [Key=finalize]
//   StepCollectionFindStepBenchmarks.'legacy Split + recursion': .NET 10.0(Runtime=.NET 10.0) [Key=proce(...).leaf [23]]
//   StepCollectionFindStepBenchmarks.'span walk (shipped)': .NET 10.0(Runtime=.NET 10.0) [Key=proce(...).leaf [23]]
//   StepCollectionFindStepBenchmarks.'legacy Split + recursion': .NET 10.0(Runtime=.NET 10.0) [Key=process.37.validate]
//   StepCollectionFindStepBenchmarks.'span walk (shipped)': .NET 10.0(Runtime=.NET 10.0) [Key=process.37.validate]

Setup power plan (GUID: 8c5e7fda-e8bf-4a96-9a85-a6e23a8c635c FriendlyName: High performance)
// **************************
// Benchmark: StepCollectionFindStepBenchmarks.'legacy Split + recursion': .NET 10.0(Runtime=.NET 10.0) [Key=finalize]
// *** Execute ***
// Launch: 1 / 1
// Execute: dotnet FlowOrchestrator.Benchmarks-1.dll --anonymousPipes 5456 5544 --benchmarkName "FlowOrchestrator.Benchmarks.StepCollectionFindStepBenchmarks.LegacySplit(Key: \"finalize\")" --job ".NET 10.0" --benchmarkId 0 in D:\Github\FlowOrchestrator-189\tests\benchmarks\FlowOrchestrator.Benchmarks\bin\Release\net10.0\FlowOrchestrator.Benchmarks-1\bin\Release\net10.0
// BeforeAnythingElse

// Benchmark Process Environment Information:
// BenchmarkDotNet v0.15.8
// Runtime=.NET 10.0.12 (10.0.12, 10.0.1226.42308), X64 RyuJIT x86-64-v3
// GC=Concurrent Server
// HardwareIntrinsics=AVX2+BMI1+BMI2+F16C+FMA+LZCNT+MOVBE,AVX,SSE3+SSSE3+SSE4.1+SSE4.2+POPCNT,X86Base+SSE+SSE2,AES+PCLMUL,AvxVnni,SERIALIZE VectorSize=256
// Job: .NET 10.0

OverheadJitting  1: 1 op, 196400.00 ns, 196.4000 us/op
WorkloadJitting  1: 1 op, 245600.00 ns, 245.6000 us/op

OverheadJitting  2: 16 op, 301400.00 ns, 18.8375 us/op
WorkloadJitting  2: 16 op, 304900.00 ns, 19.0563 us/op

WorkloadPilot    1: 16 op, 2700.00 ns, 168.7500 ns/op
WorkloadPilot    2: 32 op, 4400.00 ns, 137.5000 ns/op
WorkloadPilot    3: 64 op, 2300.00 ns, 35.9375 ns/op
WorkloadPilot    4: 128 op, 4900.00 ns, 38.2813 ns/op
WorkloadPilot    5: 256 op, 4800.00 ns, 18.7500 ns/op
WorkloadPilot    6: 512 op, 8600.00 ns, 16.7969 ns/op
WorkloadPilot    7: 1024 op, 19200.00 ns, 18.7500 ns/op
WorkloadPilot    8: 2048 op, 23200.00 ns, 11.3281 ns/op
WorkloadPilot    9: 4096 op, 57400.00 ns, 14.0137 ns/op
WorkloadPilot   10: 8192 op, 114000.00 ns, 13.9160 ns/op
WorkloadPilot   11: 16384 op, 185500.00 ns, 11.3220 ns/op
WorkloadPilot   12: 32768 op, 367800.00 ns, 11.2244 ns/op
WorkloadPilot   13: 65536 op, 713400.00 ns, 10.8856 ns/op
WorkloadPilot   14: 131072 op, 1445100.00 ns, 11.0252 ns/op
WorkloadPilot   15: 262144 op, 2838900.00 ns, 10.8295 ns/op
WorkloadPilot   16: 524288 op, 5814200.00 ns, 11.0897 ns/op
WorkloadPilot   17: 1048576 op, 11255200.00 ns, 10.7338 ns/op
WorkloadPilot   18: 2097152 op, 22891400.00 ns, 10.9155 ns/op
WorkloadPilot   19: 4194304 op, 44460600.00 ns, 10.6002 ns/op
WorkloadPilot   20: 8388608 op, 66005300.00 ns, 7.8684 ns/op
WorkloadPilot   21: 16777216 op, 84246600.00 ns, 5.0215 ns/op
WorkloadPilot   22: 33554432 op, 167988200.00 ns, 5.0064 ns/op
WorkloadPilot   23: 67108864 op, 325565900.00 ns, 4.8513 ns/op
WorkloadPilot   24: 134217728 op, 698404900.00 ns, 5.2035 ns/op

OverheadWarmup   1: 134217728 op, 294295000.00 ns, 2.1927 ns/op
OverheadWarmup   2: 134217728 op, 247174400.00 ns, 1.8416 ns/op
OverheadWarmup   3: 134217728 op, 265301700.00 ns, 1.9767 ns/op
OverheadWarmup   4: 134217728 op, 257256000.00 ns, 1.9167 ns/op
OverheadWarmup   5: 134217728 op, 253991200.00 ns, 1.8924 ns/op
OverheadWarmup   6: 134217728 op, 256013400.00 ns, 1.9074 ns/op
OverheadWarmup   7: 134217728 op, 251934000.00 ns, 1.8771 ns/op

OverheadActual   1: 134217728 op, 258077500.00 ns, 1.9228 ns/op
OverheadActual   2: 134217728 op, 262296200.00 ns, 1.9543 ns/op
OverheadActual   3: 134217728 op, 261371000.00 ns, 1.9474 ns/op
OverheadActual   4: 134217728 op, 252545800.00 ns, 1.8816 ns/op
OverheadActual   5: 134217728 op, 258344300.00 ns, 1.9248 ns/op
OverheadActual   6: 134217728 op, 248663800.00 ns, 1.8527 ns/op
OverheadActual   7: 134217728 op, 265515100.00 ns, 1.9782 ns/op
OverheadActual   8: 134217728 op, 255962100.00 ns, 1.9071 ns/op
OverheadActual   9: 134217728 op, 259784200.00 ns, 1.9355 ns/op
OverheadActual  10: 134217728 op, 257232200.00 ns, 1.9165 ns/op
OverheadActual  11: 134217728 op, 256934800.00 ns, 1.9143 ns/op
OverheadActual  12: 134217728 op, 245561000.00 ns, 1.8296 ns/op
OverheadActual  13: 134217728 op, 256158400.00 ns, 1.9085 ns/op
OverheadActual  14: 134217728 op, 251877600.00 ns, 1.8766 ns/op
OverheadActual  15: 134217728 op, 254332600.00 ns, 1.8949 ns/op

WorkloadWarmup   1: 134217728 op, 696527400.00 ns, 5.1895 ns/op
WorkloadWarmup   2: 134217728 op, 671135100.00 ns, 5.0003 ns/op
WorkloadWarmup   3: 134217728 op, 655380300.00 ns, 4.8830 ns/op
WorkloadWarmup   4: 134217728 op, 664925000.00 ns, 4.9541 ns/op
WorkloadWarmup   5: 134217728 op, 651993900.00 ns, 4.8577 ns/op
WorkloadWarmup   6: 134217728 op, 649553400.00 ns, 4.8395 ns/op
WorkloadWarmup   7: 134217728 op, 691274900.00 ns, 5.1504 ns/op
WorkloadWarmup   8: 134217728 op, 657243700.00 ns, 4.8968 ns/op

// BeforeActualRun
WorkloadActual   1: 134217728 op, 687138800.00 ns, 5.1196 ns/op
WorkloadActual   2: 134217728 op, 656906100.00 ns, 4.8943 ns/op
WorkloadActual   3: 134217728 op, 663613000.00 ns, 4.9443 ns/op
WorkloadActual   4: 134217728 op, 663404300.00 ns, 4.9427 ns/op
WorkloadActual   5: 134217728 op, 682377900.00 ns, 5.0841 ns/op
WorkloadActual   6: 134217728 op, 688722000.00 ns, 5.1314 ns/op
WorkloadActual   7: 134217728 op, 668942200.00 ns, 4.9840 ns/op
WorkloadActual   8: 134217728 op, 704345600.00 ns, 5.2478 ns/op
WorkloadActual   9: 134217728 op, 680525700.00 ns, 5.0703 ns/op
WorkloadActual  10: 134217728 op, 657738300.00 ns, 4.9005 ns/op
WorkloadActual  11: 134217728 op, 668502500.00 ns, 4.9807 ns/op
WorkloadActual  12: 134217728 op, 665512300.00 ns, 4.9585 ns/op
WorkloadActual  13: 134217728 op, 667971900.00 ns, 4.9768 ns/op
WorkloadActual  14: 134217728 op, 687535000.00 ns, 5.1225 ns/op
WorkloadActual  15: 134217728 op, 659822300.00 ns, 4.9161 ns/op
WorkloadActual  16: 134217728 op, 654233800.00 ns, 4.8744 ns/op
WorkloadActual  17: 134217728 op, 665454600.00 ns, 4.9580 ns/op
WorkloadActual  18: 134217728 op, 658308900.00 ns, 4.9048 ns/op

// AfterActualRun
WorkloadResult   1: 134217728 op, 430204000.00 ns, 3.2053 ns/op
WorkloadResult   2: 134217728 op, 399971300.00 ns, 2.9800 ns/op
WorkloadResult   3: 134217728 op, 406678200.00 ns, 3.0300 ns/op
WorkloadResult   4: 134217728 op, 406469500.00 ns, 3.0284 ns/op
WorkloadResult   5: 134217728 op, 425443100.00 ns, 3.1698 ns/op
WorkloadResult   6: 134217728 op, 431787200.00 ns, 3.2171 ns/op
WorkloadResult   7: 134217728 op, 412007400.00 ns, 3.0697 ns/op
WorkloadResult   8: 134217728 op, 447410800.00 ns, 3.3335 ns/op
WorkloadResult   9: 134217728 op, 423590900.00 ns, 3.1560 ns/op
WorkloadResult  10: 134217728 op, 400803500.00 ns, 2.9862 ns/op
WorkloadResult  11: 134217728 op, 411567700.00 ns, 3.0664 ns/op
WorkloadResult  12: 134217728 op, 408577500.00 ns, 3.0441 ns/op
WorkloadResult  13: 134217728 op, 411037100.00 ns, 3.0625 ns/op
WorkloadResult  14: 134217728 op, 430600200.00 ns, 3.2082 ns/op
WorkloadResult  15: 134217728 op, 402887500.00 ns, 3.0017 ns/op
WorkloadResult  16: 134217728 op, 397299000.00 ns, 2.9601 ns/op
WorkloadResult  17: 134217728 op, 408519800.00 ns, 3.0437 ns/op
WorkloadResult  18: 134217728 op, 401374100.00 ns, 2.9905 ns/op
// GC:  0 0 0 32 134217728
// Threading:  0 0 134217728

// AfterAll
// Benchmark Process 1476 has exited with code 0.

Mean = 3.086 ns, StdErr = 0.025 ns (0.79%), N = 18, StdDev = 0.104 ns
Min = 2.960 ns, Q1 = 3.008 ns, Median = 3.053 ns, Q3 = 3.166 ns, Max = 3.333 ns
IQR = 0.158 ns, LowerFence = 2.772 ns, UpperFence = 3.403 ns
ConfidenceInterval = [2.989 ns; 3.184 ns] (CI 99.9%), Margin = 0.097 ns (3.15% of Mean)
Skewness = 0.77, Kurtosis = 2.45, MValue = 2

// ** Remained 5 (83.3%) benchmark(s) to run. Estimated finish 2026-09-26 21:20 (0h 2m from now) **
Setup power plan (GUID: 8c5e7fda-e8bf-4a96-9a85-a6e23a8c635c FriendlyName: High performance)
// **************************
// Benchmark: StepCollectionFindStepBenchmarks.'span walk (shipped)': .NET 10.0(Runtime=.NET 10.0) [Key=finalize]
// *** Execute ***
// Launch: 1 / 1
// Execute: dotnet FlowOrchestrator.Benchmarks-1.dll --anonymousPipes 5560 4776 --benchmarkName "FlowOrchestrator.Benchmarks.StepCollectionFindStepBenchmarks.Shipped(Key: \"finalize\")" --job ".NET 10.0" --benchmarkId 1 in D:\Github\FlowOrchestrator-189\tests\benchmarks\FlowOrchestrator.Benchmarks\bin\Release\net10.0\FlowOrchestrator.Benchmarks-1\bin\Release\net10.0
// BeforeAnythingElse

// Benchmark Process Environment Information:
// BenchmarkDotNet v0.15.8
// Runtime=.NET 10.0.12 (10.0.12, 10.0.1226.42308), X64 RyuJIT x86-64-v3
// GC=Concurrent Server
// HardwareIntrinsics=AVX2+BMI1+BMI2+F16C+FMA+LZCNT+MOVBE,AVX,SSE3+SSSE3+SSE4.1+SSE4.2+POPCNT,X86Base+SSE+SSE2,AES+PCLMUL,AvxVnni,SERIALIZE VectorSize=256
// Job: .NET 10.0

OverheadJitting  1: 1 op, 159900.00 ns, 159.9000 us/op
WorkloadJitting  1: 1 op, 416000.00 ns, 416.0000 us/op

OverheadJitting  2: 16 op, 308200.00 ns, 19.2625 us/op
WorkloadJitting  2: 16 op, 298400.00 ns, 18.6500 us/op

WorkloadPilot    1: 16 op, 3100.00 ns, 193.7500 ns/op
WorkloadPilot    2: 32 op, 2600.00 ns, 81.2500 ns/op
WorkloadPilot    3: 64 op, 4100.00 ns, 64.0625 ns/op
WorkloadPilot    4: 128 op, 6600.00 ns, 51.5625 ns/op
WorkloadPilot    5: 256 op, 6900.00 ns, 26.9531 ns/op
WorkloadPilot    6: 512 op, 8500.00 ns, 16.6016 ns/op
WorkloadPilot    7: 1024 op, 19000.00 ns, 18.5547 ns/op
WorkloadPilot    8: 2048 op, 35800.00 ns, 17.4805 ns/op
WorkloadPilot    9: 4096 op, 59500.00 ns, 14.5264 ns/op
WorkloadPilot   10: 8192 op, 196300.00 ns, 23.9624 ns/op
WorkloadPilot   11: 16384 op, 315300.00 ns, 19.2444 ns/op
WorkloadPilot   12: 32768 op, 582900.00 ns, 17.7887 ns/op
WorkloadPilot   13: 65536 op, 966900.00 ns, 14.7537 ns/op
WorkloadPilot   14: 131072 op, 1871200.00 ns, 14.2761 ns/op
WorkloadPilot   15: 262144 op, 3668700.00 ns, 13.9950 ns/op
WorkloadPilot   16: 524288 op, 7432100.00 ns, 14.1756 ns/op
WorkloadPilot   17: 1048576 op, 14158500.00 ns, 13.5026 ns/op
WorkloadPilot   18: 2097152 op, 28005300.00 ns, 13.3540 ns/op
WorkloadPilot   19: 4194304 op, 56285600.00 ns, 13.4195 ns/op
WorkloadPilot   20: 8388608 op, 88363300.00 ns, 10.5337 ns/op
WorkloadPilot   21: 16777216 op, 84569800.00 ns, 5.0408 ns/op
WorkloadPilot   22: 33554432 op, 172673700.00 ns, 5.1461 ns/op
WorkloadPilot   23: 67108864 op, 341628500.00 ns, 5.0907 ns/op
WorkloadPilot   24: 134217728 op, 658672600.00 ns, 4.9075 ns/op

OverheadWarmup   1: 134217728 op, 270305400.00 ns, 2.0139 ns/op
OverheadWarmup   2: 134217728 op, 276604300.00 ns, 2.0609 ns/op
OverheadWarmup   3: 134217728 op, 246744400.00 ns, 1.8384 ns/op
OverheadWarmup   4: 134217728 op, 249623700.00 ns, 1.8598 ns/op
OverheadWarmup   5: 134217728 op, 258112100.00 ns, 1.9231 ns/op
OverheadWarmup   6: 134217728 op, 255258400.00 ns, 1.9018 ns/op

OverheadActual   1: 134217728 op, 246413800.00 ns, 1.8359 ns/op
OverheadActual   2: 134217728 op, 263118800.00 ns, 1.9604 ns/op
OverheadActual   3: 134217728 op, 252383200.00 ns, 1.8804 ns/op
OverheadActual   4: 134217728 op, 259490100.00 ns, 1.9334 ns/op
OverheadActual   5: 134217728 op, 247996900.00 ns, 1.8477 ns/op
OverheadActual   6: 134217728 op, 254028300.00 ns, 1.8927 ns/op
OverheadActual   7: 134217728 op, 250904200.00 ns, 1.8694 ns/op
OverheadActual   8: 134217728 op, 261860000.00 ns, 1.9510 ns/op
OverheadActual   9: 134217728 op, 263945800.00 ns, 1.9665 ns/op
OverheadActual  10: 134217728 op, 268296800.00 ns, 1.9990 ns/op
OverheadActual  11: 134217728 op, 263695100.00 ns, 1.9647 ns/op
OverheadActual  12: 134217728 op, 264656600.00 ns, 1.9718 ns/op
OverheadActual  13: 134217728 op, 260356600.00 ns, 1.9398 ns/op
OverheadActual  14: 134217728 op, 262571500.00 ns, 1.9563 ns/op
OverheadActual  15: 134217728 op, 259634300.00 ns, 1.9344 ns/op

WorkloadWarmup   1: 134217728 op, 699059200.00 ns, 5.2084 ns/op
WorkloadWarmup   2: 134217728 op, 660977900.00 ns, 4.9247 ns/op
WorkloadWarmup   3: 134217728 op, 713278700.00 ns, 5.3143 ns/op
WorkloadWarmup   4: 134217728 op, 665494300.00 ns, 4.9583 ns/op
WorkloadWarmup   5: 134217728 op, 690087600.00 ns, 5.1416 ns/op
WorkloadWarmup   6: 134217728 op, 685570000.00 ns, 5.1079 ns/op

// BeforeActualRun
WorkloadActual   1: 134217728 op, 678734300.00 ns, 5.0570 ns/op
WorkloadActual   2: 134217728 op, 679498900.00 ns, 5.0627 ns/op
WorkloadActual   3: 134217728 op, 670654200.00 ns, 4.9968 ns/op
WorkloadActual   4: 134217728 op, 673194200.00 ns, 5.0157 ns/op
WorkloadActual   5: 134217728 op, 654761700.00 ns, 4.8784 ns/op
WorkloadActual   6: 134217728 op, 689786500.00 ns, 5.1393 ns/op
WorkloadActual   7: 134217728 op, 691917400.00 ns, 5.1552 ns/op
WorkloadActual   8: 134217728 op, 692797800.00 ns, 5.1617 ns/op
WorkloadActual   9: 134217728 op, 691557400.00 ns, 5.1525 ns/op
WorkloadActual  10: 134217728 op, 664980700.00 ns, 4.9545 ns/op
WorkloadActual  11: 134217728 op, 663887400.00 ns, 4.9463 ns/op
WorkloadActual  12: 134217728 op, 689926700.00 ns, 5.1404 ns/op
WorkloadActual  13: 134217728 op, 655401700.00 ns, 4.8831 ns/op
WorkloadActual  14: 134217728 op, 654924900.00 ns, 4.8796 ns/op
WorkloadActual  15: 134217728 op, 666473800.00 ns, 4.9656 ns/op
WorkloadActual  16: 134217728 op, 698338600.00 ns, 5.2030 ns/op
WorkloadActual  17: 134217728 op, 671186800.00 ns, 5.0007 ns/op
WorkloadActual  18: 134217728 op, 665519500.00 ns, 4.9585 ns/op

// AfterActualRun
WorkloadResult   1: 134217728 op, 418377700.00 ns, 3.1172 ns/op
WorkloadResult   2: 134217728 op, 419142300.00 ns, 3.1229 ns/op
WorkloadResult   3: 134217728 op, 410297600.00 ns, 3.0570 ns/op
WorkloadResult   4: 134217728 op, 412837600.00 ns, 3.0759 ns/op
WorkloadResult   5: 134217728 op, 394405100.00 ns, 2.9385 ns/op
WorkloadResult   6: 134217728 op, 429429900.00 ns, 3.1995 ns/op
WorkloadResult   7: 134217728 op, 431560800.00 ns, 3.2154 ns/op
WorkloadResult   8: 134217728 op, 432441200.00 ns, 3.2219 ns/op
WorkloadResult   9: 134217728 op, 431200800.00 ns, 3.2127 ns/op
WorkloadResult  10: 134217728 op, 404624100.00 ns, 3.0147 ns/op
WorkloadResult  11: 134217728 op, 403530800.00 ns, 3.0065 ns/op
WorkloadResult  12: 134217728 op, 429570100.00 ns, 3.2005 ns/op
WorkloadResult  13: 134217728 op, 395045100.00 ns, 2.9433 ns/op
WorkloadResult  14: 134217728 op, 394568300.00 ns, 2.9398 ns/op
WorkloadResult  15: 134217728 op, 406117200.00 ns, 3.0258 ns/op
WorkloadResult  16: 134217728 op, 437982000.00 ns, 3.2632 ns/op
WorkloadResult  17: 134217728 op, 410830200.00 ns, 3.0609 ns/op
WorkloadResult  18: 134217728 op, 405162900.00 ns, 3.0187 ns/op
// GC:  0 0 0 0 134217728
// Threading:  0 0 134217728

// AfterAll
// Benchmark Process 22732 has exited with code 0.

Mean = 3.091 ns, StdErr = 0.025 ns (0.82%), N = 18, StdDev = 0.107 ns
Min = 2.939 ns, Q1 = 3.016 ns, Median = 3.068 ns, Q3 = 3.200 ns, Max = 3.263 ns
IQR = 0.185 ns, LowerFence = 2.739 ns, UpperFence = 3.477 ns
ConfidenceInterval = [2.991 ns; 3.191 ns] (CI 99.9%), Margin = 0.100 ns (3.24% of Mean)
Skewness = 0.08, Kurtosis = 1.51, MValue = 2

// ** Remained 4 (66.7%) benchmark(s) to run. Estimated finish 2026-09-26 21:20 (0h 1m from now) **
Setup power plan (GUID: 8c5e7fda-e8bf-4a96-9a85-a6e23a8c635c FriendlyName: High performance)
// **************************
// Benchmark: StepCollectionFindStepBenchmarks.'legacy Split + recursion': .NET 10.0(Runtime=.NET 10.0) [Key=proce(...).leaf [23]]
// *** Execute ***
// Launch: 1 / 1
// Execute: dotnet FlowOrchestrator.Benchmarks-1.dll --anonymousPipes 2864 904 --benchmarkName "FlowOrchestrator.Benchmarks.StepCollectionFindStepBenchmarks.LegacySplit(Key: \"process.37.inner.4.leaf\")" --job ".NET 10.0" --benchmarkId 2 in D:\Github\FlowOrchestrator-189\tests\benchmarks\FlowOrchestrator.Benchmarks\bin\Release\net10.0\FlowOrchestrator.Benchmarks-1\bin\Release\net10.0
// BeforeAnythingElse

// Benchmark Process Environment Information:
// BenchmarkDotNet v0.15.8
// Runtime=.NET 10.0.12 (10.0.12, 10.0.1226.42308), X64 RyuJIT x86-64-v3
// GC=Concurrent Server
// HardwareIntrinsics=AVX2+BMI1+BMI2+F16C+FMA+LZCNT+MOVBE,AVX,SSE3+SSSE3+SSE4.1+SSE4.2+POPCNT,X86Base+SSE+SSE2,AES+PCLMUL,AvxVnni,SERIALIZE VectorSize=256
// Job: .NET 10.0

OverheadJitting  1: 1 op, 158700.00 ns, 158.7000 us/op
WorkloadJitting  1: 1 op, 502200.00 ns, 502.2000 us/op

OverheadJitting  2: 16 op, 433000.00 ns, 27.0625 us/op
WorkloadJitting  2: 16 op, 377800.00 ns, 23.6125 us/op

WorkloadPilot    1: 16 op, 11900.00 ns, 743.7500 ns/op
WorkloadPilot    2: 32 op, 21300.00 ns, 665.6250 ns/op
WorkloadPilot    3: 64 op, 24700.00 ns, 385.9375 ns/op
WorkloadPilot    4: 128 op, 74900.00 ns, 585.1563 ns/op
WorkloadPilot    5: 256 op, 85200.00 ns, 332.8125 ns/op
WorkloadPilot    6: 512 op, 155600.00 ns, 303.9063 ns/op
WorkloadPilot    7: 1024 op, 314000.00 ns, 306.6406 ns/op
WorkloadPilot    8: 2048 op, 558300.00 ns, 272.6074 ns/op
WorkloadPilot    9: 4096 op, 1124300.00 ns, 274.4873 ns/op
WorkloadPilot   10: 8192 op, 2199000.00 ns, 268.4326 ns/op
WorkloadPilot   11: 16384 op, 4138300.00 ns, 252.5818 ns/op
WorkloadPilot   12: 32768 op, 8758800.00 ns, 267.2974 ns/op
WorkloadPilot   13: 65536 op, 18610700.00 ns, 283.9767 ns/op
WorkloadPilot   14: 131072 op, 39080900.00 ns, 298.1636 ns/op
WorkloadPilot   15: 262144 op, 60017900.00 ns, 228.9501 ns/op
WorkloadPilot   16: 524288 op, 61993900.00 ns, 118.2440 ns/op
WorkloadPilot   17: 1048576 op, 123223900.00 ns, 117.5155 ns/op
WorkloadPilot   18: 2097152 op, 264097500.00 ns, 125.9315 ns/op
WorkloadPilot   19: 4194304 op, 543338000.00 ns, 129.5419 ns/op

OverheadWarmup   1: 4194304 op, 9996400.00 ns, 2.3833 ns/op
OverheadWarmup   2: 4194304 op, 10096800.00 ns, 2.4073 ns/op
OverheadWarmup   3: 4194304 op, 9739500.00 ns, 2.3221 ns/op
OverheadWarmup   4: 4194304 op, 9807000.00 ns, 2.3382 ns/op
OverheadWarmup   5: 4194304 op, 9694300.00 ns, 2.3113 ns/op

OverheadActual   1: 4194304 op, 9778600.00 ns, 2.3314 ns/op
OverheadActual   2: 4194304 op, 9813800.00 ns, 2.3398 ns/op
OverheadActual   3: 4194304 op, 9690400.00 ns, 2.3104 ns/op
OverheadActual   4: 4194304 op, 9855700.00 ns, 2.3498 ns/op
OverheadActual   5: 4194304 op, 9715000.00 ns, 2.3162 ns/op
OverheadActual   6: 4194304 op, 9767200.00 ns, 2.3287 ns/op
OverheadActual   7: 4194304 op, 9916900.00 ns, 2.3644 ns/op
OverheadActual   8: 4194304 op, 9795300.00 ns, 2.3354 ns/op
OverheadActual   9: 4194304 op, 9785200.00 ns, 2.3330 ns/op
OverheadActual  10: 4194304 op, 10136300.00 ns, 2.4167 ns/op
OverheadActual  11: 4194304 op, 9871500.00 ns, 2.3535 ns/op
OverheadActual  12: 4194304 op, 9826900.00 ns, 2.3429 ns/op
OverheadActual  13: 4194304 op, 9827500.00 ns, 2.3431 ns/op
OverheadActual  14: 4194304 op, 9756700.00 ns, 2.3262 ns/op
OverheadActual  15: 4194304 op, 9854200.00 ns, 2.3494 ns/op

WorkloadWarmup   1: 4194304 op, 522693400.00 ns, 124.6198 ns/op
WorkloadWarmup   2: 4194304 op, 493283700.00 ns, 117.6080 ns/op
WorkloadWarmup   3: 4194304 op, 508620800.00 ns, 121.2646 ns/op
WorkloadWarmup   4: 4194304 op, 515405200.00 ns, 122.8822 ns/op
WorkloadWarmup   5: 4194304 op, 496628100.00 ns, 118.4054 ns/op
WorkloadWarmup   6: 4194304 op, 502548200.00 ns, 119.8168 ns/op
WorkloadWarmup   7: 4194304 op, 506983000.00 ns, 120.8742 ns/op
WorkloadWarmup   8: 4194304 op, 526549100.00 ns, 125.5391 ns/op
WorkloadWarmup   9: 4194304 op, 528577000.00 ns, 126.0226 ns/op
WorkloadWarmup  10: 4194304 op, 520767600.00 ns, 124.1607 ns/op

// BeforeActualRun
WorkloadActual   1: 4194304 op, 513641200.00 ns, 122.4616 ns/op
WorkloadActual   2: 4194304 op, 494598300.00 ns, 117.9214 ns/op
WorkloadActual   3: 4194304 op, 514468200.00 ns, 122.6588 ns/op
WorkloadActual   4: 4194304 op, 522904000.00 ns, 124.6700 ns/op
WorkloadActual   5: 4194304 op, 510062500.00 ns, 121.6084 ns/op
WorkloadActual   6: 4194304 op, 529292300.00 ns, 126.1931 ns/op
WorkloadActual   7: 4194304 op, 525163000.00 ns, 125.2086 ns/op
WorkloadActual   8: 4194304 op, 525068400.00 ns, 125.1861 ns/op
WorkloadActual   9: 4194304 op, 551399500.00 ns, 131.4639 ns/op
WorkloadActual  10: 4194304 op, 537889600.00 ns, 128.2429 ns/op
WorkloadActual  11: 4194304 op, 521392000.00 ns, 124.3095 ns/op
WorkloadActual  12: 4194304 op, 501767000.00 ns, 119.6306 ns/op
WorkloadActual  13: 4194304 op, 495387300.00 ns, 118.1095 ns/op
WorkloadActual  14: 4194304 op, 491831100.00 ns, 117.2617 ns/op
WorkloadActual  15: 4194304 op, 492642300.00 ns, 117.4551 ns/op
WorkloadActual  16: 4194304 op, 527281300.00 ns, 125.7137 ns/op
WorkloadActual  17: 4194304 op, 513782900.00 ns, 122.4954 ns/op
WorkloadActual  18: 4194304 op, 510543400.00 ns, 121.7230 ns/op
WorkloadActual  19: 4194304 op, 522163400.00 ns, 124.4935 ns/op
WorkloadActual  20: 4194304 op, 512955800.00 ns, 122.2982 ns/op
WorkloadActual  21: 4194304 op, 518850800.00 ns, 123.7037 ns/op
WorkloadActual  22: 4194304 op, 514304200.00 ns, 122.6197 ns/op
WorkloadActual  23: 4194304 op, 495399000.00 ns, 118.1123 ns/op
WorkloadActual  24: 4194304 op, 489283400.00 ns, 116.6543 ns/op
WorkloadActual  25: 4194304 op, 526631000.00 ns, 125.5586 ns/op
WorkloadActual  26: 4194304 op, 523796700.00 ns, 124.8829 ns/op
WorkloadActual  27: 4194304 op, 499628000.00 ns, 119.1206 ns/op
WorkloadActual  28: 4194304 op, 514083000.00 ns, 122.5669 ns/op
WorkloadActual  29: 4194304 op, 517450500.00 ns, 123.3698 ns/op

// AfterActualRun
WorkloadResult   1: 4194304 op, 503827400.00 ns, 120.1218 ns/op
WorkloadResult   2: 4194304 op, 484784500.00 ns, 115.5816 ns/op
WorkloadResult   3: 4194304 op, 504654400.00 ns, 120.3190 ns/op
WorkloadResult   4: 4194304 op, 513090200.00 ns, 122.3302 ns/op
WorkloadResult   5: 4194304 op, 500248700.00 ns, 119.2686 ns/op
WorkloadResult   6: 4194304 op, 519478500.00 ns, 123.8533 ns/op
WorkloadResult   7: 4194304 op, 515349200.00 ns, 122.8688 ns/op
WorkloadResult   8: 4194304 op, 515254600.00 ns, 122.8463 ns/op
WorkloadResult   9: 4194304 op, 541585700.00 ns, 129.1241 ns/op
WorkloadResult  10: 4194304 op, 528075800.00 ns, 125.9031 ns/op
WorkloadResult  11: 4194304 op, 511578200.00 ns, 121.9697 ns/op
WorkloadResult  12: 4194304 op, 491953200.00 ns, 117.2908 ns/op
WorkloadResult  13: 4194304 op, 485573500.00 ns, 115.7697 ns/op
WorkloadResult  14: 4194304 op, 482017300.00 ns, 114.9219 ns/op
WorkloadResult  15: 4194304 op, 482828500.00 ns, 115.1153 ns/op
WorkloadResult  16: 4194304 op, 517467500.00 ns, 123.3739 ns/op
WorkloadResult  17: 4194304 op, 503969100.00 ns, 120.1556 ns/op
WorkloadResult  18: 4194304 op, 500729600.00 ns, 119.3832 ns/op
WorkloadResult  19: 4194304 op, 512349600.00 ns, 122.1537 ns/op
WorkloadResult  20: 4194304 op, 503142000.00 ns, 119.9584 ns/op
WorkloadResult  21: 4194304 op, 509037000.00 ns, 121.3639 ns/op
WorkloadResult  22: 4194304 op, 504490400.00 ns, 120.2799 ns/op
WorkloadResult  23: 4194304 op, 485585200.00 ns, 115.7725 ns/op
WorkloadResult  24: 4194304 op, 479469600.00 ns, 114.3145 ns/op
WorkloadResult  25: 4194304 op, 516817200.00 ns, 123.2188 ns/op
WorkloadResult  26: 4194304 op, 513982900.00 ns, 122.5431 ns/op
WorkloadResult  27: 4194304 op, 489814200.00 ns, 116.7808 ns/op
WorkloadResult  28: 4194304 op, 504269200.00 ns, 120.2271 ns/op
WorkloadResult  29: 4194304 op, 507636700.00 ns, 121.0300 ns/op
// GC:  25 0 0 939524096 4194304
// Threading:  0 0 4194304

// AfterAll
// Benchmark Process 24080 has exited with code 0.

Mean = 120.270 ns, StdErr = 0.655 ns (0.54%), N = 29, StdDev = 3.527 ns
Min = 114.314 ns, Q1 = 117.291 ns, Median = 120.280 ns, Q3 = 122.543 ns, Max = 129.124 ns
IQR = 5.252 ns, LowerFence = 109.412 ns, UpperFence = 130.422 ns
ConfidenceInterval = [117.864 ns; 122.677 ns] (CI 99.9%), Margin = 2.406 ns (2.00% of Mean)
Skewness = 0.15, Kurtosis = 2.66, MValue = 2.86

// ** Remained 3 (50.0%) benchmark(s) to run. Estimated finish 2026-09-26 21:20 (0h 1m from now) **
Setup power plan (GUID: 8c5e7fda-e8bf-4a96-9a85-a6e23a8c635c FriendlyName: High performance)
// **************************
// Benchmark: StepCollectionFindStepBenchmarks.'span walk (shipped)': .NET 10.0(Runtime=.NET 10.0) [Key=proce(...).leaf [23]]
// *** Execute ***
// Launch: 1 / 1
// Execute: dotnet FlowOrchestrator.Benchmarks-1.dll --anonymousPipes 3888 904 --benchmarkName "FlowOrchestrator.Benchmarks.StepCollectionFindStepBenchmarks.Shipped(Key: \"process.37.inner.4.leaf\")" --job ".NET 10.0" --benchmarkId 3 in D:\Github\FlowOrchestrator-189\tests\benchmarks\FlowOrchestrator.Benchmarks\bin\Release\net10.0\FlowOrchestrator.Benchmarks-1\bin\Release\net10.0
// BeforeAnythingElse

// Benchmark Process Environment Information:
// BenchmarkDotNet v0.15.8
// Runtime=.NET 10.0.12 (10.0.12, 10.0.1226.42308), X64 RyuJIT x86-64-v3
// GC=Concurrent Server
// HardwareIntrinsics=AVX2+BMI1+BMI2+F16C+FMA+LZCNT+MOVBE,AVX,SSE3+SSSE3+SSE4.1+SSE4.2+POPCNT,X86Base+SSE+SSE2,AES+PCLMUL,AvxVnni,SERIALIZE VectorSize=256
// Job: .NET 10.0

OverheadJitting  1: 1 op, 169500.00 ns, 169.5000 us/op
WorkloadJitting  1: 1 op, 771500.00 ns, 771.5000 us/op

OverheadJitting  2: 16 op, 343400.00 ns, 21.4625 us/op
WorkloadJitting  2: 16 op, 357500.00 ns, 22.3438 us/op

WorkloadPilot    1: 16 op, 13600.00 ns, 850.0000 ns/op
WorkloadPilot    2: 32 op, 28700.00 ns, 896.8750 ns/op
WorkloadPilot    3: 64 op, 37600.00 ns, 587.5000 ns/op
WorkloadPilot    4: 128 op, 68400.00 ns, 534.3750 ns/op
WorkloadPilot    5: 256 op, 130800.00 ns, 510.9375 ns/op
WorkloadPilot    6: 512 op, 258600.00 ns, 505.0781 ns/op
WorkloadPilot    7: 1024 op, 536000.00 ns, 523.4375 ns/op
WorkloadPilot    8: 2048 op, 1080600.00 ns, 527.6367 ns/op
WorkloadPilot    9: 4096 op, 2088000.00 ns, 509.7656 ns/op
WorkloadPilot   10: 8192 op, 3953300.00 ns, 482.5806 ns/op
WorkloadPilot   11: 16384 op, 7685300.00 ns, 469.0735 ns/op
WorkloadPilot   12: 32768 op, 14846100.00 ns, 453.0670 ns/op
WorkloadPilot   13: 65536 op, 29067500.00 ns, 443.5349 ns/op
WorkloadPilot   14: 131072 op, 56802300.00 ns, 433.3672 ns/op
WorkloadPilot   15: 262144 op, 96998000.00 ns, 370.0180 ns/op
WorkloadPilot   16: 524288 op, 42125600.00 ns, 80.3482 ns/op
WorkloadPilot   17: 1048576 op, 81275500.00 ns, 77.5104 ns/op
WorkloadPilot   18: 2097152 op, 157201800.00 ns, 74.9597 ns/op
WorkloadPilot   19: 4194304 op, 317450900.00 ns, 75.6862 ns/op
WorkloadPilot   20: 8388608 op, 623987600.00 ns, 74.3851 ns/op

OverheadWarmup   1: 8388608 op, 18389900.00 ns, 2.1922 ns/op
OverheadWarmup   2: 8388608 op, 18458100.00 ns, 2.2004 ns/op
OverheadWarmup   3: 8388608 op, 18544600.00 ns, 2.2107 ns/op
OverheadWarmup   4: 8388608 op, 18775800.00 ns, 2.2382 ns/op
OverheadWarmup   5: 8388608 op, 18663600.00 ns, 2.2249 ns/op
OverheadWarmup   6: 8388608 op, 18722800.00 ns, 2.2319 ns/op
OverheadWarmup   7: 8388608 op, 18566700.00 ns, 2.2133 ns/op

OverheadActual   1: 8388608 op, 18477800.00 ns, 2.2027 ns/op
OverheadActual   2: 8388608 op, 18699000.00 ns, 2.2291 ns/op
OverheadActual   3: 8388608 op, 18719700.00 ns, 2.2316 ns/op
OverheadActual   4: 8388608 op, 18632600.00 ns, 2.2212 ns/op
OverheadActual   5: 8388608 op, 18584400.00 ns, 2.2154 ns/op
OverheadActual   6: 8388608 op, 18499000.00 ns, 2.2053 ns/op
OverheadActual   7: 8388608 op, 18464300.00 ns, 2.2011 ns/op
OverheadActual   8: 8388608 op, 18522000.00 ns, 2.2080 ns/op
OverheadActual   9: 8388608 op, 19038700.00 ns, 2.2696 ns/op
OverheadActual  10: 8388608 op, 18864200.00 ns, 2.2488 ns/op
OverheadActual  11: 8388608 op, 18881700.00 ns, 2.2509 ns/op
OverheadActual  12: 8388608 op, 18627100.00 ns, 2.2205 ns/op
OverheadActual  13: 8388608 op, 18751100.00 ns, 2.2353 ns/op
OverheadActual  14: 8388608 op, 16782200.00 ns, 2.0006 ns/op
OverheadActual  15: 8388608 op, 16740100.00 ns, 1.9956 ns/op

WorkloadWarmup   1: 8388608 op, 640270600.00 ns, 76.3262 ns/op
WorkloadWarmup   2: 8388608 op, 624116600.00 ns, 74.4005 ns/op
WorkloadWarmup   3: 8388608 op, 615483500.00 ns, 73.3714 ns/op
WorkloadWarmup   4: 8388608 op, 644412100.00 ns, 76.8199 ns/op
WorkloadWarmup   5: 8388608 op, 657727300.00 ns, 78.4072 ns/op
WorkloadWarmup   6: 8388608 op, 636500700.00 ns, 75.8768 ns/op
WorkloadWarmup   7: 8388608 op, 638339000.00 ns, 76.0959 ns/op
WorkloadWarmup   8: 8388608 op, 648841000.00 ns, 77.3479 ns/op
WorkloadWarmup   9: 8388608 op, 631334200.00 ns, 75.2609 ns/op

// BeforeActualRun
WorkloadActual   1: 8388608 op, 658459300.00 ns, 78.4945 ns/op
WorkloadActual   2: 8388608 op, 627239100.00 ns, 74.7727 ns/op
WorkloadActual   3: 8388608 op, 630031700.00 ns, 75.1056 ns/op
WorkloadActual   4: 8388608 op, 641987900.00 ns, 76.5309 ns/op
WorkloadActual   5: 8388608 op, 635185500.00 ns, 75.7200 ns/op
WorkloadActual   6: 8388608 op, 649403200.00 ns, 77.4149 ns/op
WorkloadActual   7: 8388608 op, 658115700.00 ns, 78.4535 ns/op
WorkloadActual   8: 8388608 op, 635200700.00 ns, 75.7218 ns/op
WorkloadActual   9: 8388608 op, 635394800.00 ns, 75.7450 ns/op
WorkloadActual  10: 8388608 op, 636410600.00 ns, 75.8661 ns/op
WorkloadActual  11: 8388608 op, 651684100.00 ns, 77.6868 ns/op
WorkloadActual  12: 8388608 op, 625370900.00 ns, 74.5500 ns/op
WorkloadActual  13: 8388608 op, 621944700.00 ns, 74.1416 ns/op
WorkloadActual  14: 8388608 op, 626463700.00 ns, 74.6803 ns/op
WorkloadActual  15: 8388608 op, 620217900.00 ns, 73.9357 ns/op
WorkloadActual  16: 8388608 op, 629480000.00 ns, 75.0399 ns/op

// AfterActualRun
WorkloadResult   1: 8388608 op, 639832200.00 ns, 76.2739 ns/op
WorkloadResult   2: 8388608 op, 608612000.00 ns, 72.5522 ns/op
WorkloadResult   3: 8388608 op, 611404600.00 ns, 72.8851 ns/op
WorkloadResult   4: 8388608 op, 623360800.00 ns, 74.3104 ns/op
WorkloadResult   5: 8388608 op, 616558400.00 ns, 73.4995 ns/op
WorkloadResult   6: 8388608 op, 630776100.00 ns, 75.1944 ns/op
WorkloadResult   7: 8388608 op, 639488600.00 ns, 76.2330 ns/op
WorkloadResult   8: 8388608 op, 616573600.00 ns, 73.5013 ns/op
WorkloadResult   9: 8388608 op, 616767700.00 ns, 73.5244 ns/op
WorkloadResult  10: 8388608 op, 617783500.00 ns, 73.6455 ns/op
WorkloadResult  11: 8388608 op, 633057000.00 ns, 75.4663 ns/op
WorkloadResult  12: 8388608 op, 606743800.00 ns, 72.3295 ns/op
WorkloadResult  13: 8388608 op, 603317600.00 ns, 71.9211 ns/op
WorkloadResult  14: 8388608 op, 607836600.00 ns, 72.4598 ns/op
WorkloadResult  15: 8388608 op, 601590800.00 ns, 71.7152 ns/op
WorkloadResult  16: 8388608 op, 610852900.00 ns, 72.8193 ns/op
// GC:  0 0 0 0 8388608
// Threading:  0 0 8388608

// AfterAll
// Benchmark Process 8404 has exited with code 0.

Mean = 73.646 ns, StdErr = 0.366 ns (0.50%), N = 16, StdDev = 1.463 ns
Min = 71.715 ns, Q1 = 72.529 ns, Median = 73.500 ns, Q3 = 74.531 ns, Max = 76.274 ns
IQR = 2.002 ns, LowerFence = 69.526 ns, UpperFence = 77.535 ns
ConfidenceInterval = [72.156 ns; 75.135 ns] (CI 99.9%), Margin = 1.490 ns (2.02% of Mean)
Skewness = 0.54, Kurtosis = 1.9, MValue = 2

// ** Remained 2 (33.3%) benchmark(s) to run. Estimated finish 2026-09-26 21:20 (0h 0m from now) **
Setup power plan (GUID: 8c5e7fda-e8bf-4a96-9a85-a6e23a8c635c FriendlyName: High performance)
// **************************
// Benchmark: StepCollectionFindStepBenchmarks.'legacy Split + recursion': .NET 10.0(Runtime=.NET 10.0) [Key=process.37.validate]
// *** Execute ***
// Launch: 1 / 1
// Execute: dotnet FlowOrchestrator.Benchmarks-1.dll --anonymousPipes 1244 2884 --benchmarkName "FlowOrchestrator.Benchmarks.StepCollectionFindStepBenchmarks.LegacySplit(Key: \"process.37.validate\")" --job ".NET 10.0" --benchmarkId 4 in D:\Github\FlowOrchestrator-189\tests\benchmarks\FlowOrchestrator.Benchmarks\bin\Release\net10.0\FlowOrchestrator.Benchmarks-1\bin\Release\net10.0
// BeforeAnythingElse

// Benchmark Process Environment Information:
// BenchmarkDotNet v0.15.8
// Runtime=.NET 10.0.12 (10.0.12, 10.0.1226.42308), X64 RyuJIT x86-64-v3
// GC=Concurrent Server
// HardwareIntrinsics=AVX2+BMI1+BMI2+F16C+FMA+LZCNT+MOVBE,AVX,SSE3+SSSE3+SSE4.1+SSE4.2+POPCNT,X86Base+SSE+SSE2,AES+PCLMUL,AvxVnni,SERIALIZE VectorSize=256
// Job: .NET 10.0

OverheadJitting  1: 1 op, 182600.00 ns, 182.6000 us/op
WorkloadJitting  1: 1 op, 449000.00 ns, 449.0000 us/op

OverheadJitting  2: 16 op, 328000.00 ns, 20.5000 us/op
WorkloadJitting  2: 16 op, 337700.00 ns, 21.1063 us/op

WorkloadPilot    1: 16 op, 36800.00 ns, 2.3000 us/op
WorkloadPilot    2: 32 op, 41700.00 ns, 1.3031 us/op
WorkloadPilot    3: 64 op, 33800.00 ns, 528.1250 ns/op
WorkloadPilot    4: 128 op, 127300.00 ns, 994.5313 ns/op
WorkloadPilot    5: 256 op, 77800.00 ns, 303.9063 ns/op
WorkloadPilot    6: 512 op, 111400.00 ns, 217.5781 ns/op
WorkloadPilot    7: 1024 op, 361000.00 ns, 352.5391 ns/op
WorkloadPilot    8: 2048 op, 381200.00 ns, 186.1328 ns/op
WorkloadPilot    9: 4096 op, 743000.00 ns, 181.3965 ns/op
WorkloadPilot   10: 8192 op, 1544200.00 ns, 188.5010 ns/op
WorkloadPilot   11: 16384 op, 2883400.00 ns, 175.9888 ns/op
WorkloadPilot   12: 32768 op, 5782500.00 ns, 176.4679 ns/op
WorkloadPilot   13: 65536 op, 12480700.00 ns, 190.4404 ns/op
WorkloadPilot   14: 131072 op, 24548600.00 ns, 187.2910 ns/op
WorkloadPilot   15: 262144 op, 51811300.00 ns, 197.6444 ns/op
WorkloadPilot   16: 524288 op, 102575100.00 ns, 195.6465 ns/op
WorkloadPilot   17: 1048576 op, 75130400.00 ns, 71.6499 ns/op
WorkloadPilot   18: 2097152 op, 170768100.00 ns, 81.4286 ns/op
WorkloadPilot   19: 4194304 op, 349140900.00 ns, 83.2417 ns/op
WorkloadPilot   20: 8388608 op, 674427100.00 ns, 80.3980 ns/op

OverheadWarmup   1: 8388608 op, 19589100.00 ns, 2.3352 ns/op
OverheadWarmup   2: 8388608 op, 19533300.00 ns, 2.3286 ns/op
OverheadWarmup   3: 8388608 op, 19252500.00 ns, 2.2951 ns/op
OverheadWarmup   4: 8388608 op, 19044100.00 ns, 2.2702 ns/op
OverheadWarmup   5: 8388608 op, 19405800.00 ns, 2.3134 ns/op
OverheadWarmup   6: 8388608 op, 19513800.00 ns, 2.3262 ns/op
OverheadWarmup   7: 8388608 op, 19637400.00 ns, 2.3410 ns/op
OverheadWarmup   8: 8388608 op, 19223300.00 ns, 2.2916 ns/op
OverheadWarmup   9: 8388608 op, 19111900.00 ns, 2.2783 ns/op
OverheadWarmup  10: 8388608 op, 19615400.00 ns, 2.3383 ns/op

OverheadActual   1: 8388608 op, 19387500.00 ns, 2.3112 ns/op
OverheadActual   2: 8388608 op, 19120100.00 ns, 2.2793 ns/op
OverheadActual   3: 8388608 op, 19528900.00 ns, 2.3280 ns/op
OverheadActual   4: 8388608 op, 19458200.00 ns, 2.3196 ns/op
OverheadActual   5: 8388608 op, 19577200.00 ns, 2.3338 ns/op
OverheadActual   6: 8388608 op, 19645700.00 ns, 2.3419 ns/op
OverheadActual   7: 8388608 op, 19491600.00 ns, 2.3236 ns/op
OverheadActual   8: 8388608 op, 19453000.00 ns, 2.3190 ns/op
OverheadActual   9: 8388608 op, 19524200.00 ns, 2.3275 ns/op
OverheadActual  10: 8388608 op, 19513900.00 ns, 2.3262 ns/op
OverheadActual  11: 8388608 op, 19617600.00 ns, 2.3386 ns/op
OverheadActual  12: 8388608 op, 19410300.00 ns, 2.3139 ns/op
OverheadActual  13: 8388608 op, 17411500.00 ns, 2.0756 ns/op
OverheadActual  14: 8388608 op, 17526000.00 ns, 2.0893 ns/op
OverheadActual  15: 8388608 op, 17211200.00 ns, 2.0517 ns/op

WorkloadWarmup   1: 8388608 op, 692432100.00 ns, 82.5443 ns/op
WorkloadWarmup   2: 8388608 op, 675692900.00 ns, 80.5489 ns/op
WorkloadWarmup   3: 8388608 op, 714849300.00 ns, 85.2167 ns/op
WorkloadWarmup   4: 8388608 op, 716630500.00 ns, 85.4290 ns/op
WorkloadWarmup   5: 8388608 op, 673751500.00 ns, 80.3174 ns/op
WorkloadWarmup   6: 8388608 op, 672017000.00 ns, 80.1107 ns/op
WorkloadWarmup   7: 8388608 op, 707699300.00 ns, 84.3643 ns/op
WorkloadWarmup   8: 8388608 op, 687811600.00 ns, 81.9935 ns/op

// BeforeActualRun
WorkloadActual   1: 8388608 op, 668934300.00 ns, 79.7432 ns/op
WorkloadActual   2: 8388608 op, 719622200.00 ns, 85.7857 ns/op
WorkloadActual   3: 8388608 op, 679160200.00 ns, 80.9622 ns/op
WorkloadActual   4: 8388608 op, 663082700.00 ns, 79.0456 ns/op
WorkloadActual   5: 8388608 op, 681156000.00 ns, 81.2001 ns/op
WorkloadActual   6: 8388608 op, 693419800.00 ns, 82.6621 ns/op
WorkloadActual   7: 8388608 op, 669476100.00 ns, 79.8078 ns/op
WorkloadActual   8: 8388608 op, 700266600.00 ns, 83.4783 ns/op
WorkloadActual   9: 8388608 op, 658652500.00 ns, 78.5175 ns/op
WorkloadActual  10: 8388608 op, 692222200.00 ns, 82.5193 ns/op
WorkloadActual  11: 8388608 op, 668291300.00 ns, 79.6665 ns/op
WorkloadActual  12: 8388608 op, 697202400.00 ns, 83.1130 ns/op
WorkloadActual  13: 8388608 op, 667908700.00 ns, 79.6209 ns/op
WorkloadActual  14: 8388608 op, 659509400.00 ns, 78.6196 ns/op
WorkloadActual  15: 8388608 op, 684733300.00 ns, 81.6266 ns/op
WorkloadActual  16: 8388608 op, 716052900.00 ns, 85.3602 ns/op
WorkloadActual  17: 8388608 op, 713741200.00 ns, 85.0846 ns/op
WorkloadActual  18: 8388608 op, 696186500.00 ns, 82.9919 ns/op
WorkloadActual  19: 8388608 op, 680372600.00 ns, 81.1067 ns/op
WorkloadActual  20: 8388608 op, 701374300.00 ns, 83.6103 ns/op
WorkloadActual  21: 8388608 op, 659789000.00 ns, 78.6530 ns/op
WorkloadActual  22: 8388608 op, 673286600.00 ns, 80.2620 ns/op
WorkloadActual  23: 8388608 op, 646586300.00 ns, 77.0791 ns/op
WorkloadActual  24: 8388608 op, 672167300.00 ns, 80.1286 ns/op
WorkloadActual  25: 8388608 op, 675028700.00 ns, 80.4697 ns/op
WorkloadActual  26: 8388608 op, 668997500.00 ns, 79.7507 ns/op
WorkloadActual  27: 8388608 op, 688786300.00 ns, 82.1097 ns/op

// AfterActualRun
WorkloadResult   1: 8388608 op, 649476100.00 ns, 77.4236 ns/op
WorkloadResult   2: 8388608 op, 700164000.00 ns, 83.4661 ns/op
WorkloadResult   3: 8388608 op, 659702000.00 ns, 78.6426 ns/op
WorkloadResult   4: 8388608 op, 643624500.00 ns, 76.7260 ns/op
WorkloadResult   5: 8388608 op, 661697800.00 ns, 78.8805 ns/op
WorkloadResult   6: 8388608 op, 673961600.00 ns, 80.3425 ns/op
WorkloadResult   7: 8388608 op, 650017900.00 ns, 77.4882 ns/op
WorkloadResult   8: 8388608 op, 680808400.00 ns, 81.1587 ns/op
WorkloadResult   9: 8388608 op, 639194300.00 ns, 76.1979 ns/op
WorkloadResult  10: 8388608 op, 672764000.00 ns, 80.1997 ns/op
WorkloadResult  11: 8388608 op, 648833100.00 ns, 77.3469 ns/op
WorkloadResult  12: 8388608 op, 677744200.00 ns, 80.7934 ns/op
WorkloadResult  13: 8388608 op, 648450500.00 ns, 77.3013 ns/op
WorkloadResult  14: 8388608 op, 640051200.00 ns, 76.3000 ns/op
WorkloadResult  15: 8388608 op, 665275100.00 ns, 79.3070 ns/op
WorkloadResult  16: 8388608 op, 696594700.00 ns, 83.0406 ns/op
WorkloadResult  17: 8388608 op, 694283000.00 ns, 82.7650 ns/op
WorkloadResult  18: 8388608 op, 676728300.00 ns, 80.6723 ns/op
WorkloadResult  19: 8388608 op, 660914400.00 ns, 78.7871 ns/op
WorkloadResult  20: 8388608 op, 681916100.00 ns, 81.2907 ns/op
WorkloadResult  21: 8388608 op, 640330800.00 ns, 76.3334 ns/op
WorkloadResult  22: 8388608 op, 653828400.00 ns, 77.9424 ns/op
WorkloadResult  23: 8388608 op, 627128100.00 ns, 74.7595 ns/op
WorkloadResult  24: 8388608 op, 652709100.00 ns, 77.8090 ns/op
WorkloadResult  25: 8388608 op, 655570500.00 ns, 78.1501 ns/op
WorkloadResult  26: 8388608 op, 649539300.00 ns, 77.4311 ns/op
WorkloadResult  27: 8388608 op, 669328100.00 ns, 79.7901 ns/op
// GC:  36 0 0 1342177280 8388608
// Threading:  0 0 8388608

// AfterAll
// Benchmark Process 25812 has exited with code 0.

Mean = 78.902 ns, StdErr = 0.433 ns (0.55%), N = 27, StdDev = 2.251 ns
Min = 74.759 ns, Q1 = 77.385 ns, Median = 78.643 ns, Q3 = 80.507 ns, Max = 83.466 ns
IQR = 3.122 ns, LowerFence = 72.702 ns, UpperFence = 85.191 ns
ConfidenceInterval = [77.296 ns; 80.508 ns] (CI 99.9%), Margin = 1.606 ns (2.04% of Mean)
Skewness = 0.36, Kurtosis = 2.2, MValue = 2

// ** Remained 1 (16.7%) benchmark(s) to run. Estimated finish 2026-09-26 21:20 (0h 0m from now) **
Setup power plan (GUID: 8c5e7fda-e8bf-4a96-9a85-a6e23a8c635c FriendlyName: High performance)
// **************************
// Benchmark: StepCollectionFindStepBenchmarks.'span walk (shipped)': .NET 10.0(Runtime=.NET 10.0) [Key=process.37.validate]
// *** Execute ***
// Launch: 1 / 1
// Execute: dotnet FlowOrchestrator.Benchmarks-1.dll --anonymousPipes 2800 5068 --benchmarkName "FlowOrchestrator.Benchmarks.StepCollectionFindStepBenchmarks.Shipped(Key: \"process.37.validate\")" --job ".NET 10.0" --benchmarkId 5 in D:\Github\FlowOrchestrator-189\tests\benchmarks\FlowOrchestrator.Benchmarks\bin\Release\net10.0\FlowOrchestrator.Benchmarks-1\bin\Release\net10.0
// BeforeAnythingElse

// Benchmark Process Environment Information:
// BenchmarkDotNet v0.15.8
// Runtime=.NET 10.0.12 (10.0.12, 10.0.1226.42308), X64 RyuJIT x86-64-v3
// GC=Concurrent Server
// HardwareIntrinsics=AVX2+BMI1+BMI2+F16C+FMA+LZCNT+MOVBE,AVX,SSE3+SSSE3+SSE4.1+SSE4.2+POPCNT,X86Base+SSE+SSE2,AES+PCLMUL,AvxVnni,SERIALIZE VectorSize=256
// Job: .NET 10.0

OverheadJitting  1: 1 op, 165400.00 ns, 165.4000 us/op
WorkloadJitting  1: 1 op, 766900.00 ns, 766.9000 us/op

OverheadJitting  2: 16 op, 422800.00 ns, 26.4250 us/op
WorkloadJitting  2: 16 op, 388700.00 ns, 24.2938 us/op

WorkloadPilot    1: 16 op, 11000.00 ns, 687.5000 ns/op
WorkloadPilot    2: 32 op, 13300.00 ns, 415.6250 ns/op
WorkloadPilot    3: 64 op, 21600.00 ns, 337.5000 ns/op
WorkloadPilot    4: 128 op, 41800.00 ns, 326.5625 ns/op
WorkloadPilot    5: 256 op, 74800.00 ns, 292.1875 ns/op
WorkloadPilot    6: 512 op, 150800.00 ns, 294.5313 ns/op
WorkloadPilot    7: 1024 op, 376700.00 ns, 367.8711 ns/op
WorkloadPilot    8: 2048 op, 625700.00 ns, 305.5176 ns/op
WorkloadPilot    9: 4096 op, 1238000.00 ns, 302.2461 ns/op
WorkloadPilot   10: 8192 op, 2493800.00 ns, 304.4189 ns/op
WorkloadPilot   11: 16384 op, 4789700.00 ns, 292.3401 ns/op
WorkloadPilot   12: 32768 op, 8978800.00 ns, 274.0112 ns/op
WorkloadPilot   13: 65536 op, 17425100.00 ns, 265.8859 ns/op
WorkloadPilot   14: 131072 op, 34559500.00 ns, 263.6681 ns/op
WorkloadPilot   15: 262144 op, 65813900.00 ns, 251.0601 ns/op
WorkloadPilot   16: 524288 op, 84607000.00 ns, 161.3750 ns/op
WorkloadPilot   17: 1048576 op, 53866500.00 ns, 51.3711 ns/op
WorkloadPilot   18: 2097152 op, 107299800.00 ns, 51.1645 ns/op
WorkloadPilot   19: 4194304 op, 209381400.00 ns, 49.9204 ns/op
WorkloadPilot   20: 8388608 op, 414052400.00 ns, 49.3589 ns/op
WorkloadPilot   21: 16777216 op, 836807900.00 ns, 49.8776 ns/op

OverheadWarmup   1: 16777216 op, 34478300.00 ns, 2.0551 ns/op
OverheadWarmup   2: 16777216 op, 35340300.00 ns, 2.1064 ns/op
OverheadWarmup   3: 16777216 op, 34771900.00 ns, 2.0726 ns/op
OverheadWarmup   4: 16777216 op, 35276700.00 ns, 2.1027 ns/op
OverheadWarmup   5: 16777216 op, 36174400.00 ns, 2.1562 ns/op
OverheadWarmup   6: 16777216 op, 35893600.00 ns, 2.1394 ns/op

OverheadActual   1: 16777216 op, 36346500.00 ns, 2.1664 ns/op
OverheadActual   2: 16777216 op, 35756300.00 ns, 2.1312 ns/op
OverheadActual   3: 16777216 op, 36180700.00 ns, 2.1565 ns/op
OverheadActual   4: 16777216 op, 35891400.00 ns, 2.1393 ns/op
OverheadActual   5: 16777216 op, 35954400.00 ns, 2.1430 ns/op
OverheadActual   6: 16777216 op, 36444500.00 ns, 2.1723 ns/op
OverheadActual   7: 16777216 op, 36229000.00 ns, 2.1594 ns/op
OverheadActual   8: 16777216 op, 32233100.00 ns, 1.9212 ns/op
OverheadActual   9: 16777216 op, 33126000.00 ns, 1.9745 ns/op
OverheadActual  10: 16777216 op, 32762800.00 ns, 1.9528 ns/op
OverheadActual  11: 16777216 op, 33590300.00 ns, 2.0021 ns/op
OverheadActual  12: 16777216 op, 33483300.00 ns, 1.9958 ns/op
OverheadActual  13: 16777216 op, 33106400.00 ns, 1.9733 ns/op
OverheadActual  14: 16777216 op, 32561400.00 ns, 1.9408 ns/op
OverheadActual  15: 16777216 op, 32724800.00 ns, 1.9506 ns/op
OverheadActual  16: 16777216 op, 33758800.00 ns, 2.0122 ns/op

WorkloadWarmup   1: 16777216 op, 803330500.00 ns, 47.8822 ns/op
WorkloadWarmup   2: 16777216 op, 810567700.00 ns, 48.3136 ns/op
WorkloadWarmup   3: 16777216 op, 831893100.00 ns, 49.5847 ns/op
WorkloadWarmup   4: 16777216 op, 810005500.00 ns, 48.2801 ns/op
WorkloadWarmup   5: 16777216 op, 818821200.00 ns, 48.8055 ns/op
WorkloadWarmup   6: 16777216 op, 804146500.00 ns, 47.9309 ns/op

// BeforeActualRun
WorkloadActual   1: 16777216 op, 865067900.00 ns, 51.5621 ns/op
WorkloadActual   2: 16777216 op, 841021200.00 ns, 50.1288 ns/op
WorkloadActual   3: 16777216 op, 827193100.00 ns, 49.3046 ns/op
WorkloadActual   4: 16777216 op, 819826900.00 ns, 48.8655 ns/op
WorkloadActual   5: 16777216 op, 809657700.00 ns, 48.2594 ns/op
WorkloadActual   6: 16777216 op, 808517400.00 ns, 48.1914 ns/op
WorkloadActual   7: 16777216 op, 824021300.00 ns, 49.1155 ns/op
WorkloadActual   8: 16777216 op, 808625300.00 ns, 48.1978 ns/op
WorkloadActual   9: 16777216 op, 838846400.00 ns, 49.9991 ns/op
WorkloadActual  10: 16777216 op, 829357900.00 ns, 49.4336 ns/op
WorkloadActual  11: 16777216 op, 805502000.00 ns, 48.0117 ns/op
WorkloadActual  12: 16777216 op, 828304100.00 ns, 49.3708 ns/op
WorkloadActual  13: 16777216 op, 848254100.00 ns, 50.5599 ns/op
WorkloadActual  14: 16777216 op, 826241400.00 ns, 49.2478 ns/op
WorkloadActual  15: 16777216 op, 829270100.00 ns, 49.4283 ns/op
WorkloadActual  16: 16777216 op, 814990400.00 ns, 48.5772 ns/op

// AfterActualRun
WorkloadResult   1: 16777216 op, 807346650.00 ns, 48.1216 ns/op
WorkloadResult   2: 16777216 op, 793518550.00 ns, 47.2974 ns/op
WorkloadResult   3: 16777216 op, 786152350.00 ns, 46.8583 ns/op
WorkloadResult   4: 16777216 op, 775983150.00 ns, 46.2522 ns/op
WorkloadResult   5: 16777216 op, 774842850.00 ns, 46.1842 ns/op
WorkloadResult   6: 16777216 op, 790346750.00 ns, 47.1083 ns/op
WorkloadResult   7: 16777216 op, 774950750.00 ns, 46.1907 ns/op
WorkloadResult   8: 16777216 op, 805171850.00 ns, 47.9920 ns/op
WorkloadResult   9: 16777216 op, 795683350.00 ns, 47.4264 ns/op
WorkloadResult  10: 16777216 op, 771827450.00 ns, 46.0045 ns/op
WorkloadResult  11: 16777216 op, 794629550.00 ns, 47.3636 ns/op
WorkloadResult  12: 16777216 op, 814579550.00 ns, 48.5527 ns/op
WorkloadResult  13: 16777216 op, 792566850.00 ns, 47.2407 ns/op
WorkloadResult  14: 16777216 op, 795595550.00 ns, 47.4212 ns/op
WorkloadResult  15: 16777216 op, 781315850.00 ns, 46.5701 ns/op
// GC:  0 0 0 0 16777216
// Threading:  0 0 16777216

// AfterAll
// Benchmark Process 30464 has exited with code 0.

Mean = 47.106 ns, StdErr = 0.198 ns (0.42%), N = 15, StdDev = 0.766 ns
Min = 46.005 ns, Q1 = 46.411 ns, Median = 47.241 ns, Q3 = 47.424 ns, Max = 48.553 ns
IQR = 1.013 ns, LowerFence = 44.892 ns, UpperFence = 48.943 ns
ConfidenceInterval = [46.287 ns; 47.924 ns] (CI 99.9%), Margin = 0.819 ns (1.74% of Mean)
Skewness = 0.18, Kurtosis = 1.86, MValue = 2

// ** Remained 0 (0.0%) benchmark(s) to run. Estimated finish 2026-09-26 21:20 (0h 0m from now) **
Successfully reverted power plan (GUID: 8c5e7fda-e8bf-4a96-9a85-a6e23a8c635c FriendlyName: High performance)
// ***** BenchmarkRunner: Finish  *****

// * Export *
  BenchmarkDotNet.Artifacts\results\FlowOrchestrator.Benchmarks.StepCollectionFindStepBenchmarks-report.csv
  BenchmarkDotNet.Artifacts\results\FlowOrchestrator.Benchmarks.StepCollectionFindStepBenchmarks-report-github.md
  BenchmarkDotNet.Artifacts\results\FlowOrchestrator.Benchmarks.StepCollectionFindStepBenchmarks-report.html

// * Detailed results *
StepCollectionFindStepBenchmarks.'legacy Split + recursion': .NET 10.0(Runtime=.NET 10.0) [Key=finalize]
Runtime = .NET 10.0.12 (10.0.12, 10.0.1226.42308), X64 RyuJIT x86-64-v3; GC = Concurrent Server
Mean = 3.086 ns, StdErr = 0.025 ns (0.79%), N = 18, StdDev = 0.104 ns
Min = 2.960 ns, Q1 = 3.008 ns, Median = 3.053 ns, Q3 = 3.166 ns, Max = 3.333 ns
IQR = 0.158 ns, LowerFence = 2.772 ns, UpperFence = 3.403 ns
ConfidenceInterval = [2.989 ns; 3.184 ns] (CI 99.9%), Margin = 0.097 ns (3.15% of Mean)
Skewness = 0.77, Kurtosis = 2.45, MValue = 2
-------------------- Histogram --------------------
[2.908 ns ; 2.973 ns) | @
[2.973 ns ; 3.077 ns) | @@@@@@@@@@@
[3.077 ns ; 3.239 ns) | @@@@@
[3.239 ns ; 3.386 ns) | @
---------------------------------------------------

StepCollectionFindStepBenchmarks.'span walk (shipped)': .NET 10.0(Runtime=.NET 10.0) [Key=finalize]
Runtime = .NET 10.0.12 (10.0.12, 10.0.1226.42308), X64 RyuJIT x86-64-v3; GC = Concurrent Server
Mean = 3.091 ns, StdErr = 0.025 ns (0.82%), N = 18, StdDev = 0.107 ns
Min = 2.939 ns, Q1 = 3.016 ns, Median = 3.068 ns, Q3 = 3.200 ns, Max = 3.263 ns
IQR = 0.185 ns, LowerFence = 2.739 ns, UpperFence = 3.477 ns
ConfidenceInterval = [2.991 ns; 3.191 ns] (CI 99.9%), Margin = 0.100 ns (3.24% of Mean)
Skewness = 0.08, Kurtosis = 1.51, MValue = 2
-------------------- Histogram --------------------
[2.885 ns ; 2.988 ns) | @@@
[2.988 ns ; 3.116 ns) | @@@@@@@
[3.116 ns ; 3.223 ns) | @@@@@@@
[3.223 ns ; 3.317 ns) | @
---------------------------------------------------

StepCollectionFindStepBenchmarks.'legacy Split + recursion': .NET 10.0(Runtime=.NET 10.0) [Key=proce(...).leaf [23]]
Runtime = .NET 10.0.12 (10.0.12, 10.0.1226.42308), X64 RyuJIT x86-64-v3; GC = Concurrent Server
Mean = 120.270 ns, StdErr = 0.655 ns (0.54%), N = 29, StdDev = 3.527 ns
Min = 114.314 ns, Q1 = 117.291 ns, Median = 120.280 ns, Q3 = 122.543 ns, Max = 129.124 ns
IQR = 5.252 ns, LowerFence = 109.412 ns, UpperFence = 130.422 ns
ConfidenceInterval = [117.864 ns; 122.677 ns] (CI 99.9%), Margin = 2.406 ns (2.00% of Mean)
Skewness = 0.15, Kurtosis = 2.66, MValue = 2.86
-------------------- Histogram --------------------
[114.296 ns ; 117.309 ns) | @@@@@@@@
[117.309 ns ; 119.907 ns) | @@
[119.907 ns ; 122.921 ns) | @@@@@@@@@@@@@@
[122.921 ns ; 126.068 ns) | @@@@
[126.068 ns ; 130.631 ns) | @
---------------------------------------------------

StepCollectionFindStepBenchmarks.'span walk (shipped)': .NET 10.0(Runtime=.NET 10.0) [Key=proce(...).leaf [23]]
Runtime = .NET 10.0.12 (10.0.12, 10.0.1226.42308), X64 RyuJIT x86-64-v3; GC = Concurrent Server
Mean = 73.646 ns, StdErr = 0.366 ns (0.50%), N = 16, StdDev = 1.463 ns
Min = 71.715 ns, Q1 = 72.529 ns, Median = 73.500 ns, Q3 = 74.531 ns, Max = 76.274 ns
IQR = 2.002 ns, LowerFence = 69.526 ns, UpperFence = 77.535 ns
ConfidenceInterval = [72.156 ns; 75.135 ns] (CI 99.9%), Margin = 1.490 ns (2.02% of Mean)
Skewness = 0.54, Kurtosis = 1.9, MValue = 2
-------------------- Histogram --------------------
[70.953 ns ; 73.750 ns) | @@@@@@@@@@@
[73.750 ns ; 76.496 ns) | @@@@@
---------------------------------------------------

StepCollectionFindStepBenchmarks.'legacy Split + recursion': .NET 10.0(Runtime=.NET 10.0) [Key=process.37.validate]
Runtime = .NET 10.0.12 (10.0.12, 10.0.1226.42308), X64 RyuJIT x86-64-v3; GC = Concurrent Server
Mean = 78.902 ns, StdErr = 0.433 ns (0.55%), N = 27, StdDev = 2.251 ns
Min = 74.759 ns, Q1 = 77.385 ns, Median = 78.643 ns, Q3 = 80.507 ns, Max = 83.466 ns
IQR = 3.122 ns, LowerFence = 72.702 ns, UpperFence = 85.191 ns
ConfidenceInterval = [77.296 ns; 80.508 ns] (CI 99.9%), Margin = 1.606 ns (2.04% of Mean)
Skewness = 0.36, Kurtosis = 2.2, MValue = 2
-------------------- Histogram --------------------
[73.775 ns ; 75.744 ns) | @
[75.744 ns ; 78.159 ns) | @@@@@@@@@@@@
[78.159 ns ; 81.525 ns) | @@@@@@@@@@@
[81.525 ns ; 84.451 ns) | @@@
---------------------------------------------------

StepCollectionFindStepBenchmarks.'span walk (shipped)': .NET 10.0(Runtime=.NET 10.0) [Key=process.37.validate]
Runtime = .NET 10.0.12 (10.0.12, 10.0.1226.42308), X64 RyuJIT x86-64-v3; GC = Concurrent Server
Mean = 47.106 ns, StdErr = 0.198 ns (0.42%), N = 15, StdDev = 0.766 ns
Min = 46.005 ns, Q1 = 46.411 ns, Median = 47.241 ns, Q3 = 47.424 ns, Max = 48.553 ns
IQR = 1.013 ns, LowerFence = 44.892 ns, UpperFence = 48.943 ns
ConfidenceInterval = [46.287 ns; 47.924 ns] (CI 99.9%), Margin = 0.819 ns (1.74% of Mean)
Skewness = 0.18, Kurtosis = 1.86, MValue = 2
-------------------- Histogram --------------------
[45.824 ns ; 47.614 ns) | @@@@@@@@@@@@
[47.614 ns ; 48.755 ns) | @@@
---------------------------------------------------

// * Summary *

BenchmarkDotNet v0.15.8, Windows 11 (10.0.26200.9445/25H2/2025Update/HudsonValley2)
Intel Core Ultra 7 255H 2.00GHz, 1 CPU, 16 logical and 16 physical cores
.NET SDK 10.0.401
  [Host]    : .NET 10.0.12 (10.0.12, 10.0.1226.42308), X64 RyuJIT x86-64-v3
  .NET 10.0 : .NET 10.0.12 (10.0.12, 10.0.1226.42308), X64 RyuJIT x86-64-v3

Job=.NET 10.0  Runtime=.NET 10.0  

| Method                     | Key                  | Mean       | Error     | StdDev    | Ratio | RatioSD | Gen0   | Allocated | Alloc Ratio |
|--------------------------- |--------------------- |-----------:|----------:|----------:|------:|--------:|-------:|----------:|------------:|
| 'legacy Split + recursion' | finalize             |   3.086 ns | 0.0972 ns | 0.1040 ns |  1.00 |    0.05 |      - |         - |          NA |
| 'span walk (shipped)'      | finalize             |   3.091 ns | 0.1001 ns | 0.1072 ns |  1.00 |    0.05 |      - |         - |          NA |
|                            |                      |            |           |           |       |         |        |           |             |
| 'legacy Split + recursion' | proce(...).leaf [23] | 120.270 ns | 2.4065 ns | 3.5274 ns |  1.00 |    0.04 | 0.0060 |     224 B |        1.00 |
| 'span walk (shipped)'      | proce(...).leaf [23] |  73.646 ns | 1.4897 ns | 1.4631 ns |  0.61 |    0.02 |      - |         - |        0.00 |
|                            |                      |            |           |           |       |         |        |           |             |
| 'legacy Split + recursion' | process.37.validate  |  78.902 ns | 1.6059 ns | 2.2512 ns |  1.00 |    0.04 | 0.0043 |     160 B |        1.00 |
| 'span walk (shipped)'      | process.37.validate  |  47.106 ns | 0.8187 ns | 0.7658 ns |  0.60 |    0.02 |      - |         - |        0.00 |

// * Warnings *
MultimodalDistribution
  StepCollectionFindStepBenchmarks.'legacy Split + recursion': .NET 10.0 -> It seems that the distribution can have several modes (mValue = 2.86)

// * Hints *
Outliers
  StepCollectionFindStepBenchmarks.'span walk (shipped)': .NET 10.0 -> 1 outlier  was  removed (51.56 ns)

// * Legends *
  Key         : Value of the 'Key' parameter
  Mean        : Arithmetic mean of all measurements
  Error       : Half of 99.9% confidence interval
  StdDev      : Standard deviation of all measurements
  Ratio       : Mean of the ratio distribution ([Current]/[Baseline])
  RatioSD     : Standard deviation of the ratio distribution ([Current]/[Baseline])
  Gen0        : GC Generation 0 collects per 1000 operations
  Allocated   : Allocated memory per single operation (managed only, inclusive, 1KB = 1024B)
  Alloc Ratio : Allocated memory ratio distribution ([Current]/[Baseline])
  1 ns        : 1 Nanosecond (0.000000001 sec)

// * Diagnostic Output - MemoryDiagnoser *


// ***** BenchmarkRunner: End *****
Run time: 00:02:22 (142.71 sec), executed benchmarks: 6

Global total time: 00:02:35 (155.91 sec), executed benchmarks: 6
// * Artifacts cleanup *
Artifacts cleanup is finished
